// Jest Snapshot v1, https://goo.gl/fbAQLP

exports[`App component Should match snapshot 1`] = `
<App>
  <div
    className="app"
  >
    <header>
      <h1
        className="app__title"
      >
        Todos
      </h1>
      <Memo()
        addTodo={[Function]}
      >
        <input
          className="add-todo"
          onChange={[Function]}
          onKeyPress={[Function]}
          placeholder="What needs to be done?"
          value=""
        />
      </Memo()>
    </header>
  </div>
</App>
`;
